// Jest Snapshot v1, https://goo.gl/fbAQLP

exports[`test in Employes.js Must show correctly 1`] = `
<div
  className="resultsEmployes"
/>
`;
