// Jest Snapshot v1, https://goo.gl/fbAQLP

exports[`test of LabelMessage.js Must show correctly 1`] = `
<div
  className="labelMessage"
/>
`;
